// Jest Snapshot v1, https://goo.gl/fbAQLP

exports[`Footer component matches snapshot 1`] = `
<Fragment>
  <footer
    className="Footer"
  >
    Website powered by React | Built by Dan Meloy | Last update: March 2020
  </footer>
</Fragment>
`;
