// Jest Snapshot v1, https://goo.gl/fbAQLP

exports[`App component renders App 1`] = `
<Fragment>
  <Nav />
  <Home />
  <About />
  <Work2 />
  <Background />
  <Contact />
  <Footer />
</Fragment>
`;
