// Jest Snapshot v1, https://goo.gl/fbAQLP

exports[`Background component matches snapshot 1`] = `
<Element
  id="Background"
  name="Background"
>
  <section
    className="Background"
  >
    <p
      className="Title"
    >
      A bit about my background...
    </p>
    <p
      className="Blurb"
    >
      Some context on my approach to life and work:
    </p>
    <div
      className="Titles"
    >
      <h4
        className="One"
      >
        Perspectives-based approach
      </h4>
      <h4>
        International entrepreneur
      </h4>
      <h4>
        Leadership and empowering others
      </h4>
    </div>
    <div
      className="Excerpts"
    >
      <p>
        My life has provided me with a range of experiences that help shape who I am. As a student of Anthropology, I learned how perspectives often vary and hugely differentiate the way we understand the world. Throughout my life I strive to keep a perspectives-based approach to problem solving and relationship building, believing that the first step to success is understanding others as best we can.
      </p>
      <p>
        I've opened two successful businesses in Quito, Ecuador. Being a co-owner and founder of 
        <a
          href="https://communityhostel.com/"
          rel="noopener noreferrer"
          target="_blank"
        >
          Community Hostel
        </a>
         and 
        <a
          href="http://bandidobrewing.com/en/"
          rel="noopener noreferrer"
          target="_blank"
        >
          Bandido Brewing
        </a>
         taught me how to take ideas and make them reality. The challenges of opening two businesses in a foreign country taught me the value of adaptability. With a mindset of adaptability, any problem is solvable, any issue or interruption is merely a part of the process. To this day my adaptability remains one of my greatest strengths.
      </p>
      <p>
        I've been a leader and facilitator for a wilderness non-profit. I led backcountry wilderness trips for adults with physical and developmental disabilities and facilitated outdoor experiential education events for under-served student communities. By helping people connect with the outdoors I was helping them build their confidence and realize that they can do anything they set their minds to, regardless of personal background or ability level.
      </p>
    </div>
    <p
      className="Closer"
    >
      Now, as a developer and engineer, I use technology to apply the lessons I've learned throughout my life. I work to solve problems that will empower others.
    </p>
  </section>
  <section
    className="Background"
  >
    <p
      className="Title"
    >
      A bit about my background...
    </p>
    <p
      className="Blurb"
    >
      Expand the sections below to learn some context about my approach to life and work:
    </p>
    <div
      className="Excerpts"
    >
      <details
        className="Detail"
      >
        <summary>
          Perspectives-based approach
        </summary>
        <p
          className="Excerpt"
        >
          As a student of Anthropology, I learned how perspectives often vary and hugely differentiate the way we understand the world. Throughout my life I strive to keep a perspectives-based approach to problem solving and relationship building, believing that the first step to success is understanding others as best we can.
        </p>
      </details>
      <details
        className="Detail"
      >
        <summary>
          International entrepreneur
        </summary>
        <p
          className="Excerpt"
        >
          I've opened two successful businesses in Quito, Ecuador. Being a co-owner and founder of 
          <a
            href="https://communityhostel.com/"
            rel="noopener noreferrer"
            target="_blank"
          >
            Community Hostel
          </a>
           and 
          <a
            href="http://bandidobrewing.com/en/"
            rel="noopener noreferrer"
            target="_blank"
          >
            Bandido Brewing
          </a>
           taught me how to take ideas and make them reality. The challenges of opening two businesses in a foreign country taught me the value of adaptability. With a mindset of adaptability, any problem is solvable, any issue or interruption is merely a part of the process. To this day my adaptability remains one of my greatest strengths.
        </p>
      </details>
      <details
        className="Detail"
      >
        <summary>
          Leadership and empowering others
        </summary>
        <p
          className="Excerpt"
        >
          I've been a leader and facilitator for a wilderness non-profit. I led backcountry wilderness trips for adults with physical and developmental disabilities and facilitated outdoor experiential education events for under-served student communities. By helping people connect with the outdoors I was helping them build their confidence and realize that they can do anything they set their minds to, regardless of personal background or ability level.
        </p>
      </details>
    </div>
    <p
      className="Closer"
    >
      Now, as a developer and engineer, I use technology to apply the lessons I've learned throughout my life. I work to solve problems that will empower others.
    </p>
  </section>
</Element>
`;
